# serializer version: 1
# name: test_diff_cascade_json_diff_snapshot
  '''
  --- tests/fixtures/demo.knxproj
  +++ tests/fixtures/demo-ga-removed.knxproj
  @@ -428,39 +428,6 @@
         "name": "",
         "number": 53,
         "object_size": "1 Byte",
  -      "text": ""
  -    },
  -    "1.0.2/MD-1_M-1_MI-1_O-2-0_R-0": {
  -      "channel": "MD-1_M-1_MI-1_CH-argCH",
  -      "description": "",
  -      "device_address": "1.0.2",
  -      "device_application": "M-00FA_A-2507-10-0DE5",
  -      "dpas": null,
  -      "dpts": [
  -        {
  -          "main": 1,
  -          "sub": 1
  -        }
  -      ],
  -      "flags": {
  -        "communication": true,
  -        "read": false,
  -        "read_on_init": false,
  -        "transmit": false,
  -        "update": false,
  -        "write": true
  -      },
  -      "function_text": "CH-{{argCH}} : OnOff",
  -      "group_address_links": [
  -        "0/0/1"
  -      ],
  -      "module_def": {
  -        "definition": "MD-1",
  -        "root_number": 0
  -      },
  -      "name": "",
  -      "number": 1,
  -      "object_size": "1 Bit",
         "text": ""
       },
       "1.0.2/MD-1_M-2_MI-1_O-2-0_R-0": {
  @@ -1029,7 +996,6 @@
           }
         },
         "communication_object_ids": [
  -        "1.0.2/MD-1_M-1_MI-1_O-2-0_R-0",
           "1.0.2/MD-1_M-2_MI-1_O-2-0_R-0",
           "1.0.2/MD-1_M-2_MI-1_O-2-1_R-1"
         ],
  @@ -1249,8 +1215,7 @@
         "address": "0/0/1",
         "comment": "",
         "communication_object_ids": [
  -        "1.0.1/MD-2_M-1_MI-1_O-2-0_R-4",
  -        "1.0.2/MD-1_M-1_MI-1_O-2-0_R-0"
  +        "1.0.1/MD-2_M-1_MI-1_O-2-0_R-4"
         ],
         "data_secure": false,
         "description": "",
  
  '''
# ---
